
> oura-dashboard@0.1.0 build
> next build

⚠ Warning: Next.js inferred your workspace root, but it may not be correct.
 We detected multiple lockfiles and selected the directory of /home/coder/.openclaw/workspace/package-lock.json as the root directory.
 To silence this warning, set `turbopack.root` in your Next.js config, or consider removing one of the lockfiles if it's not needed.
   See https://nextjs.org/docs/app/api-reference/config/next-config-js/turbopack#root-directory for more information.
 Detected additional lockfiles: 
   * /home/coder/.openclaw/workspace/oura-dashboard/package-lock.json

▲ Next.js 16.2.1 (Turbopack)
- Environments: .env.local

  Creating an optimized production build ...
✓ Compiled successfully in 11.7s
  Running TypeScript ...
  Finished TypeScript in 12.3s ...
  Collecting page data using 7 workers ...
  Generating static pages using 7 workers (0/16) ...
  Generating static pages using 7 workers (4/16) 
  Generating static pages using 7 workers (8/16) 
  Generating static pages using 7 workers (12/16) 
✓ Generating static pages using 7 workers (16/16) in 430ms
  Finalizing page optimization ...

Route (app)
┌ ○ /
├ ○ /_not-found
├ ○ /activity
├ ƒ /api/activity
├ ƒ /api/compare
├ ƒ /api/insights
├ ƒ /api/metrics
├ ƒ /api/recovery
├ ƒ /api/sleep
├ ○ /compare
├ ○ /insights
├ ○ /recovery
├ ○ /sitemap.xml
└ ○ /sleep


○  (Static)   prerendered as static content
ƒ  (Dynamic)  server-rendered on demand

